[2026-03-22T12:33:28.789Z] OPTIONS /api/auth/register
TypeError: Cannot set property query of #<IncomingMessage> which has only a getter
    at D:\Desktop\PMS\Placement Management System\backend\node_modules\express-mongo-sanitize\index.js:113:18
    at Array.forEach (<anonymous>)
    at D:\Desktop\PMS\Placement Management System\backend\node_modules\express-mongo-sanitize\index.js:110:44
    at Layer.handleRequest (D:\Desktop\PMS\Placement Management System\backend\node_modules\router\lib\layer.js:152:17)
    at trimPrefix (D:\Desktop\PMS\Placement Management System\backend\node_modules\router\index.js:342:13)
    at D:\Desktop\PMS\Placement Management System\backend\node_modules\router\index.js:297:9
    at processParams (D:\Desktop\PMS\Placement Management System\backend\node_modules\router\index.js:582:12)
    at next (D:\Desktop\PMS\Placement Management System\backend\node_modules\router\index.js:291:5)
    at cookieParser (D:\Desktop\PMS\Placement Management System\backend\node_modules\cookie-parser\index.js:57:14)
    at Layer.handleRequest (D:\Desktop\PMS\Placement Management System\backend\node_modules\router\lib\layer.js:152:17)
--------------------------------------------------
[2026-03-22T12:35:35.115Z] OPTIONS /api/auth/register
TypeError: Cannot set property query of #<IncomingMessage> which has only a getter
    at D:\Desktop\PMS\Placement Management System\backend\node_modules\express-mongo-sanitize\index.js:113:18
    at Array.forEach (<anonymous>)
    at D:\Desktop\PMS\Placement Management System\backend\node_modules\express-mongo-sanitize\index.js:110:44
    at Layer.handleRequest (D:\Desktop\PMS\Placement Management System\backend\node_modules\router\lib\layer.js:152:17)
    at trimPrefix (D:\Desktop\PMS\Placement Management System\backend\node_modules\router\index.js:342:13)
    at D:\Desktop\PMS\Placement Management System\backend\node_modules\router\index.js:297:9
    at processParams (D:\Desktop\PMS\Placement Management System\backend\node_modules\router\index.js:582:12)
    at next (D:\Desktop\PMS\Placement Management System\backend\node_modules\router\index.js:291:5)
    at cookieParser (D:\Desktop\PMS\Placement Management System\backend\node_modules\cookie-parser\index.js:57:14)
    at Layer.handleRequest (D:\Desktop\PMS\Placement Management System\backend\node_modules\router\lib\layer.js:152:17)
--------------------------------------------------
[2026-03-22T12:35:41.384Z] OPTIONS /api/auth/register
TypeError: Cannot set property query of #<IncomingMessage> which has only a getter
    at D:\Desktop\PMS\Placement Management System\backend\node_modules\express-mongo-sanitize\index.js:113:18
    at Array.forEach (<anonymous>)
    at D:\Desktop\PMS\Placement Management System\backend\node_modules\express-mongo-sanitize\index.js:110:44
    at Layer.handleRequest (D:\Desktop\PMS\Placement Management System\backend\node_modules\router\lib\layer.js:152:17)
    at trimPrefix (D:\Desktop\PMS\Placement Management System\backend\node_modules\router\index.js:342:13)
    at D:\Desktop\PMS\Placement Management System\backend\node_modules\router\index.js:297:9
    at processParams (D:\Desktop\PMS\Placement Management System\backend\node_modules\router\index.js:582:12)
    at next (D:\Desktop\PMS\Placement Management System\backend\node_modules\router\index.js:291:5)
    at cookieParser (D:\Desktop\PMS\Placement Management System\backend\node_modules\cookie-parser\index.js:57:14)
    at Layer.handleRequest (D:\Desktop\PMS\Placement Management System\backend\node_modules\router\lib\layer.js:152:17)
--------------------------------------------------
[2026-03-22T12:37:54.594Z] OPTIONS /api/auth/register
TypeError: Cannot set property query of #<IncomingMessage> which has only a getter
    at D:\Desktop\PMS\Placement Management System\backend\node_modules\express-mongo-sanitize\index.js:113:18
    at Array.forEach (<anonymous>)
    at D:\Desktop\PMS\Placement Management System\backend\node_modules\express-mongo-sanitize\index.js:110:44
    at Layer.handleRequest (D:\Desktop\PMS\Placement Management System\backend\node_modules\router\lib\layer.js:152:17)
    at trimPrefix (D:\Desktop\PMS\Placement Management System\backend\node_modules\router\index.js:342:13)
    at D:\Desktop\PMS\Placement Management System\backend\node_modules\router\index.js:297:9
    at processParams (D:\Desktop\PMS\Placement Management System\backend\node_modules\router\index.js:582:12)
    at next (D:\Desktop\PMS\Placement Management System\backend\node_modules\router\index.js:291:5)
    at cookieParser (D:\Desktop\PMS\Placement Management System\backend\node_modules\cookie-parser\index.js:57:14)
    at Layer.handleRequest (D:\Desktop\PMS\Placement Management System\backend\node_modules\router\lib\layer.js:152:17)
--------------------------------------------------
[2026-03-22T12:38:00.293Z] OPTIONS /api/auth/register
TypeError: Cannot set property query of #<IncomingMessage> which has only a getter
    at D:\Desktop\PMS\Placement Management System\backend\node_modules\express-mongo-sanitize\index.js:113:18
    at Array.forEach (<anonymous>)
    at D:\Desktop\PMS\Placement Management System\backend\node_modules\express-mongo-sanitize\index.js:110:44
    at Layer.handleRequest (D:\Desktop\PMS\Placement Management System\backend\node_modules\router\lib\layer.js:152:17)
    at trimPrefix (D:\Desktop\PMS\Placement Management System\backend\node_modules\router\index.js:342:13)
    at D:\Desktop\PMS\Placement Management System\backend\node_modules\router\index.js:297:9
    at processParams (D:\Desktop\PMS\Placement Management System\backend\node_modules\router\index.js:582:12)
    at next (D:\Desktop\PMS\Placement Management System\backend\node_modules\router\index.js:291:5)
    at cookieParser (D:\Desktop\PMS\Placement Management System\backend\node_modules\cookie-parser\index.js:57:14)
    at Layer.handleRequest (D:\Desktop\PMS\Placement Management System\backend\node_modules\router\lib\layer.js:152:17)
--------------------------------------------------
[2026-03-22T12:38:21.787Z] OPTIONS /api/auth/register
TypeError: Cannot set property query of #<IncomingMessage> which has only a getter
    at D:\Desktop\PMS\Placement Management System\backend\node_modules\express-mongo-sanitize\index.js:113:18
    at Array.forEach (<anonymous>)
    at D:\Desktop\PMS\Placement Management System\backend\node_modules\express-mongo-sanitize\index.js:110:44
    at Layer.handleRequest (D:\Desktop\PMS\Placement Management System\backend\node_modules\router\lib\layer.js:152:17)
    at trimPrefix (D:\Desktop\PMS\Placement Management System\backend\node_modules\router\index.js:342:13)
    at D:\Desktop\PMS\Placement Management System\backend\node_modules\router\index.js:297:9
    at processParams (D:\Desktop\PMS\Placement Management System\backend\node_modules\router\index.js:582:12)
    at next (D:\Desktop\PMS\Placement Management System\backend\node_modules\router\index.js:291:5)
    at cookieParser (D:\Desktop\PMS\Placement Management System\backend\node_modules\cookie-parser\index.js:57:14)
    at Layer.handleRequest (D:\Desktop\PMS\Placement Management System\backend\node_modules\router\lib\layer.js:152:17)
--------------------------------------------------
[2026-03-22T12:38:23.377Z] OPTIONS /api/auth/register
TypeError: Cannot set property query of #<IncomingMessage> which has only a getter
    at D:\Desktop\PMS\Placement Management System\backend\node_modules\express-mongo-sanitize\index.js:113:18
    at Array.forEach (<anonymous>)
    at D:\Desktop\PMS\Placement Management System\backend\node_modules\express-mongo-sanitize\index.js:110:44
    at Layer.handleRequest (D:\Desktop\PMS\Placement Management System\backend\node_modules\router\lib\layer.js:152:17)
    at trimPrefix (D:\Desktop\PMS\Placement Management System\backend\node_modules\router\index.js:342:13)
    at D:\Desktop\PMS\Placement Management System\backend\node_modules\router\index.js:297:9
    at processParams (D:\Desktop\PMS\Placement Management System\backend\node_modules\router\index.js:582:12)
    at next (D:\Desktop\PMS\Placement Management System\backend\node_modules\router\index.js:291:5)
    at cookieParser (D:\Desktop\PMS\Placement Management System\backend\node_modules\cookie-parser\index.js:57:14)
    at Layer.handleRequest (D:\Desktop\PMS\Placement Management System\backend\node_modules\router\lib\layer.js:152:17)
--------------------------------------------------
[2026-03-22T12:38:56.129Z] OPTIONS /api/auth/register
TypeError: Cannot set property query of #<IncomingMessage> which has only a getter
    at D:\Desktop\PMS\Placement Management System\backend\node_modules\express-mongo-sanitize\index.js:113:18
    at Array.forEach (<anonymous>)
    at D:\Desktop\PMS\Placement Management System\backend\node_modules\express-mongo-sanitize\index.js:110:44
    at Layer.handleRequest (D:\Desktop\PMS\Placement Management System\backend\node_modules\router\lib\layer.js:152:17)
    at trimPrefix (D:\Desktop\PMS\Placement Management System\backend\node_modules\router\index.js:342:13)
    at D:\Desktop\PMS\Placement Management System\backend\node_modules\router\index.js:297:9
    at processParams (D:\Desktop\PMS\Placement Management System\backend\node_modules\router\index.js:582:12)
    at next (D:\Desktop\PMS\Placement Management System\backend\node_modules\router\index.js:291:5)
    at cookieParser (D:\Desktop\PMS\Placement Management System\backend\node_modules\cookie-parser\index.js:57:14)
    at Layer.handleRequest (D:\Desktop\PMS\Placement Management System\backend\node_modules\router\lib\layer.js:152:17)
--------------------------------------------------
[2026-03-22T12:40:58.849Z] POST /api/auth/register
TypeError: Cannot set property query of #<IncomingMessage> which has only a getter
    at D:\Desktop\PMS\Placement Management System\backend\node_modules\express-mongo-sanitize\index.js:113:18
    at Array.forEach (<anonymous>)
    at D:\Desktop\PMS\Placement Management System\backend\node_modules\express-mongo-sanitize\index.js:110:44
    at Layer.handleRequest (D:\Desktop\PMS\Placement Management System\backend\node_modules\router\lib\layer.js:152:17)
    at trimPrefix (D:\Desktop\PMS\Placement Management System\backend\node_modules\router\index.js:342:13)
    at D:\Desktop\PMS\Placement Management System\backend\node_modules\router\index.js:297:9
    at processParams (D:\Desktop\PMS\Placement Management System\backend\node_modules\router\index.js:582:12)
    at next (D:\Desktop\PMS\Placement Management System\backend\node_modules\router\index.js:291:5)
    at cookieParser (D:\Desktop\PMS\Placement Management System\backend\node_modules\cookie-parser\index.js:57:14)
    at Layer.handleRequest (D:\Desktop\PMS\Placement Management System\backend\node_modules\router\lib\layer.js:152:17)
--------------------------------------------------
[2026-03-22T12:42:51.941Z] POST /api/auth/register
TypeError: Cannot set property query of #<IncomingMessage> which has only a getter
    at D:\Desktop\PMS\Placement Management System\backend\node_modules\xss-clean\lib\index.js:8:30
    at Layer.handleRequest (D:\Desktop\PMS\Placement Management System\backend\node_modules\router\lib\layer.js:152:17)
    at trimPrefix (D:\Desktop\PMS\Placement Management System\backend\node_modules\router\index.js:342:13)
    at D:\Desktop\PMS\Placement Management System\backend\node_modules\router\index.js:297:9
    at processParams (D:\Desktop\PMS\Placement Management System\backend\node_modules\router\index.js:582:12)
    at next (D:\Desktop\PMS\Placement Management System\backend\node_modules\router\index.js:291:5)
    at nosqlSanitizer (D:\Desktop\PMS\Placement Management System\backend\middleware\nosqlSanitizer.js:27:3)
    at Layer.handleRequest (D:\Desktop\PMS\Placement Management System\backend\node_modules\router\lib\layer.js:152:17)
    at trimPrefix (D:\Desktop\PMS\Placement Management System\backend\node_modules\router\index.js:342:13)
    at D:\Desktop\PMS\Placement Management System\backend\node_modules\router\index.js:297:9
--------------------------------------------------
[2026-03-22T12:42:56.853Z] POST /api/auth/register
TypeError: Cannot set property query of #<IncomingMessage> which has only a getter
    at D:\Desktop\PMS\Placement Management System\backend\node_modules\xss-clean\lib\index.js:8:30
    at Layer.handleRequest (D:\Desktop\PMS\Placement Management System\backend\node_modules\router\lib\layer.js:152:17)
    at trimPrefix (D:\Desktop\PMS\Placement Management System\backend\node_modules\router\index.js:342:13)
    at D:\Desktop\PMS\Placement Management System\backend\node_modules\router\index.js:297:9
    at processParams (D:\Desktop\PMS\Placement Management System\backend\node_modules\router\index.js:582:12)
    at next (D:\Desktop\PMS\Placement Management System\backend\node_modules\router\index.js:291:5)
    at nosqlSanitizer (D:\Desktop\PMS\Placement Management System\backend\middleware\nosqlSanitizer.js:27:3)
    at Layer.handleRequest (D:\Desktop\PMS\Placement Management System\backend\node_modules\router\lib\layer.js:152:17)
    at trimPrefix (D:\Desktop\PMS\Placement Management System\backend\node_modules\router\index.js:342:13)
    at D:\Desktop\PMS\Placement Management System\backend\node_modules\router\index.js:297:9
--------------------------------------------------
